=== ARM Inference Benchmark ===
Backend:  mnn
Model:    mobilenetv2
Precision:fp32
Threads:  1
Warmup:   50
Test runs:100
Use GPU:  no


========================================================
Model: mobilenetv2
Input shape: 1 3 224 224 
========================================================

--- [Step 1] Getting reference output from ONNX Runtime ---
ONNXRT: loading model: models/classification/mobilenetv2/mobilenetv2.onnx
ONNXRT: input 0 = input (type 1)
ONNXRT: output 0 = output
  ✅ Reference output obtained (1000 elements)
      Reference stats - Min: -6.1199, Max: 6.0787, Mean: 0.0001

--- [Step 2] Running benchmarks ---

>> Testing mnn on mobilenetv2...

--- Accuracy Comparison ---
  ✅ [Accuracy] MNN: PASSED
      Cosine Similarity:  1.000000 (Excellent)
      Mean Absolute Error: 0.000002
      Max Absolute Error:  0.000010
      Mean Relative Error: 0.0005%
      Output range: [-6.1199, 6.0787], Mean: 0.0001

--- Performance Results ---
  Init time:  26.04 ms
  Min:    18.49 ms
  P50:    18.65 ms
  P90:    18.75 ms
  P99:    18.96 ms
  Max:    18.96 ms
  Mean:   18.65 ms
  Std:    0.08 ms
  Throughput: 53.62 FPS
  Peak mem:   18446744073709551540 KB

=== Done ===
