=== ARM Inference Benchmark ===
Backend:  mnn_gpu
Model:    mobilenetv2
Precision:fp32
Threads:  1
Warmup:   10
Test runs:50
Use GPU:  no


========================================================
Model: mobilenetv2
Input shape: 1 3 224 224 
========================================================

--- [Step 1] Getting reference output from ONNX Runtime ---
ONNXRT: loading model: models/classification/mobilenetv2/mobilenetv2.onnx
ONNXRT: input 0 = input (type 1)
ONNXRT: output 0 = output
  ✅ Reference output obtained (1000 elements)
      Reference stats - Min: -6.1199, Max: 6.0787, Mean: 0.0001

--- [Step 2] Running benchmarks ---

>> Testing mnn_gpu on mobilenetv2...
MNN OpenCL GPU backend enabled (CPU fallback, Precision=High/FP32)

--- Accuracy Comparison ---
  ✅ [Accuracy] MNN_GPU: PASSED
      Cosine Similarity:  1.000000 (Excellent)
      Mean Absolute Error: 0.000003
      Max Absolute Error:  0.000018
      Mean Relative Error: 0.0010%
      Output range: [-6.1199, 6.0787], Mean: 0.0001

--- Performance Results ---
  Init time:  918.26 ms
  Min:    11.43 ms
  P50:    15.50 ms
  P90:    17.05 ms
  P99:    18.86 ms
  Max:    18.86 ms
  Mean:   15.55 ms
  Std:    1.27 ms
  Throughput: 64.30 FPS
  Peak mem:   18446744073709550064 KB

=== Done ===
