=== ARM Inference Benchmark ===
Backend:  mnn
Model:    resnet50
Precision:fp32
Threads:  1
Warmup:   10
Test runs:50
Use GPU:  no


========================================================
Model: resnet50
Input shape: 1 3 224 224 
========================================================

--- [Step 1] Getting reference output from ONNX Runtime ---
ONNXRT: loading model: models/classification/resnet50/resnet50.onnx
ONNXRT: input 0 = data (type 1)
ONNXRT: output 0 = resnetv17_dense0_fwd
  ✅ Reference output obtained (1000 elements)
      Reference stats - Min: -4.6195, Max: 7.0400, Mean: 0.0001

--- [Step 2] Running benchmarks ---

>> Testing mnn on resnet50...

--- Accuracy Comparison ---
  ✅ [Accuracy] MNN: PASSED
      Cosine Similarity:  1.000000 (Excellent)
      Mean Absolute Error: 0.000041
      Max Absolute Error:  0.000184
      Mean Relative Error: 0.0128%
      Output range: [-4.6195, 7.0398], Mean: 0.0001

--- Performance Results ---
  Init time:  618.68 ms
  Min:    143.28 ms
  P50:    144.00 ms
  P90:    144.40 ms
  P99:    145.40 ms
  Max:    145.40 ms
  Mean:   143.97 ms
  Std:    0.41 ms
  Throughput: 6.95 FPS
  Peak mem:   0 KB

=== Done ===
