=== ARM Inference Benchmark ===
Backend:  mnn
Model:    resnet50
Precision:fp32
Threads:  1
Warmup:   50
Test runs:100
Use GPU:  no


========================================================
Model: resnet50
Input shape: 1 3 224 224 
========================================================

--- [Step 1] Getting reference output from ONNX Runtime ---
ONNXRT: loading model: models/classification/resnet50/resnet50.onnx
ONNXRT: input 0 = data (type 1)
ONNXRT: output 0 = resnetv17_dense0_fwd
  ✅ Reference output obtained (1000 elements)
      Reference stats - Min: -4.6195, Max: 7.0400, Mean: 0.0001

--- [Step 2] Running benchmarks ---

>> Testing mnn on resnet50...

--- Accuracy Comparison ---
  ✅ [Accuracy] MNN: PASSED
      Cosine Similarity:  1.000000 (Excellent)
      Mean Absolute Error: 0.000041
      Max Absolute Error:  0.000184
      Mean Relative Error: 0.0128%
      Output range: [-4.6195, 7.0398], Mean: 0.0001

--- Performance Results ---
  Init time:  656.99 ms
  Min:    179.21 ms
  P50:    180.15 ms
  P90:    181.11 ms
  P99:    183.06 ms
  Max:    183.06 ms
  Mean:   180.29 ms
  Std:    0.66 ms
  Throughput: 5.55 FPS
  Peak mem:   28 KB

=== Done ===
