=== ARM Inference Benchmark ===
Backend:  mnn_gpu
Model:    yolov8n
Precision:fp32
Threads:  1
Warmup:   50
Test runs:100
Use GPU:  no


========================================================
Model: yolov8n
Input shape: 1 3 640 640 
========================================================

--- [Step 1] Getting reference output from ONNX Runtime ---
ONNXRT: loading model: models/detection/yolov8n/yolov8n.onnx
ONNXRT: input 0 = images (type 1)
ONNXRT: output 0 = output0
  ✅ Reference output obtained (705600 elements)
      Reference stats - Min: -0.0000, Max: 638.0135, Mean: 9.8371

--- [Step 2] Running benchmarks ---

>> Testing mnn_gpu on yolov8n...
MNN OpenCL GPU backend enabled (CPU fallback, Precision=High/FP32)

--- Accuracy Comparison ---
  ✅ [Accuracy] MNN_GPU: PASSED
      Cosine Similarity:  1.000000 (Excellent)
      Mean Absolute Error: 0.000004
      Max Absolute Error:  0.001953
      Mean Relative Error: 0.8551%
      Output range: [0.0000, 638.0135], Mean: 9.8371

--- Performance Results ---
  Init time:  1552.07 ms
  Min:    83.85 ms
  P50:    115.47 ms
  P90:    1922.37 ms
  P99:    3008.48 ms
  Max:    3008.48 ms
  Mean:   899.05 ms
  Std:    940.40 ms
  Throughput: 1.11 FPS
  Peak mem:   18446744073709525736 KB

=== Done ===
