=== ARM Inference Benchmark ===
Backend:  mnn_gpu
Model:    yolov8n
Precision:fp32
Threads:  1
Warmup:   10
Test runs:50
Use GPU:  no


========================================================
Model: yolov8n
Input shape: 1 3 640 640 
========================================================

--- [Step 1] Getting reference output from ONNX Runtime ---
ONNXRT: loading model: models/detection/yolov8n/yolov8n.onnx
ONNXRT: input 0 = images (type 1)
ONNXRT: output 0 = output0
  ✅ Reference output obtained (705600 elements)
      Reference stats - Min: -0.0000, Max: 638.0135, Mean: 9.8371

--- [Step 2] Running benchmarks ---

>> Testing mnn_gpu on yolov8n...
MNN OpenCL GPU backend enabled (CPU fallback, Precision=High/FP32)

--- Accuracy Comparison ---
  ✅ [Accuracy] MNN_GPU: PASSED
      Cosine Similarity:  1.000000 (Excellent)
      Mean Absolute Error: 0.000004
      Max Absolute Error:  0.001953
      Mean Relative Error: 0.8551%
      Output range: [0.0000, 638.0135], Mean: 9.8371

--- Performance Results ---
  Init time:  34594.21 ms
  Min:    117.81 ms
  P50:    1884.88 ms
  P90:    1902.64 ms
  P99:    1936.31 ms
  Max:    1936.31 ms
  Mean:   1564.73 ms
  Std:    677.84 ms
  Throughput: 0.64 FPS
  Peak mem:   18446744073709538640 KB

=== Done ===
