=== ARM Inference Benchmark ===
Backend:  mnn
Model:    yolov8n
Precision:fp32
Threads:  1
Warmup:   50
Test runs:100
Use GPU:  no


========================================================
Model: yolov8n
Input shape: 1 3 640 640 
========================================================

--- [Step 1] Getting reference output from ONNX Runtime ---
ONNXRT: loading model: models/detection/yolov8n/yolov8n.onnx
ONNXRT: input 0 = images (type 1)
ONNXRT: output 0 = output0
  ✅ Reference output obtained (705600 elements)
      Reference stats - Min: -0.0000, Max: 638.0135, Mean: 9.8371

--- [Step 2] Running benchmarks ---

>> Testing mnn on yolov8n...

--- Accuracy Comparison ---
  ✅ [Accuracy] MNN: PASSED
      Cosine Similarity:  1.000000 (Excellent)
      Mean Absolute Error: 0.000082
      Max Absolute Error:  0.038132
      Mean Relative Error: 0.8559%
      Output range: [0.0000, 638.0133], Mean: 9.8371

--- Performance Results ---
  Init time:  114.96 ms
  Min:    193.91 ms
  P50:    197.60 ms
  P90:    200.30 ms
  P99:    207.50 ms
  Max:    207.50 ms
  Mean:   197.49 ms
  Std:    2.28 ms
  Throughput: 5.06 FPS
  Peak mem:   0 KB

=== Done ===
